success/name_mangling.v...Error! (should be accepted)
bugs/closed/bug_5281.v...Error! (bug seems to be opened, please check)
output/Inductive.v...Error! (unexpected output)
output/UnivBinders.v...Error! (unexpected output)
